[CarManagerError] CarManager: Car manager not loaded (details: Car manager must be loaded before getting data)